// 重构日志: 77ae59b0
// 重构日志: 1e446716
// 同步 ID: 80588fff @ Sun Jul 26 13:30:57 UTC 2026
// 同步 ID: fbbf38c3 @ Mon Jul 27 04:52:12 UTC 2026
// 重构日志: 22240cac
// 重构日志: 16a5aa41
// 重构日志: 81aca392
// 同步 ID: 826fec94 @ Thu Jul 30 12:28:21 UTC 2026
// 重构日志: 1f938a4e
// 重构日志: 9cfa1aa6
// 同步 ID: 758b3e91 @ Fri Jul 31 13:34:33 UTC 2026
// 重构日志: 7c4a74a6
// 同步 ID: 60f8df66 @ Sun Aug  2 17:12:08 UTC 2026
// 同步 ID: 7a7cadaa @ Sun Aug  2 22:46:18 UTC 2026
// 重构日志: 5aecd284
// 重构日志: 43eb9149
// 重构日志: 6179d949
// 重构日志: cae828bd
// 重构日志: fdc3ac89
// 重构日志: 3178cca3
// 同步 ID: f5cfc8f8 @ Wed Aug  5 15:44:03 UTC 2026
// 同步 ID: 12d6d85b @ Wed Aug  5 17:45:12 UTC 2026
// 同步 ID: bddcb6ed @ Thu Aug  6 02:48:12 UTC 2026
// 同步 ID: 5b5e5a29 @ Fri Aug  7 04:07:36 UTC 2026
// 重构日志: 7e62703d
// 重构日志: 7e267888
// 同步 ID: 54939820 @ Sat Aug  8 05:24:16 UTC 2026
// 同步 ID: 16928e14 @ Sat Aug  8 10:09:02 UTC 2026
// 重构日志: 3a3e9338
// 同步 ID: c0f8b235 @ Sat Aug  8 13:12:50 UTC 2026
// 重构日志: f43c5f76
